Madrid
Bordeux
Barcelona
Lisboa
Bordeux
Marseile
Madrid
Roma
Beograd
Tirane
Tirane
Sofia
Istanbul
Ankara
Madrid
Barcelona
Marseile
Lyon
Paris
Barcelona
Bordeaux
Lyon
Milano
Milano
Napoli
Napoli
Beograd
Sofia
Athena
Istanbul
Izmir
Bordeaux
Marseile
Paris
Zurich
Milano
Marseile
Lyon
Zurich
Munchen
Zagreb
Roma
Tirane
Beograd
Bucuresti
Istanbul
Athena
Bucuresti
Sofia
Izmir
Ankara
Bordeaux
Lyon
Zurich
Stuttgart
Rhein-Rhur
Vlaandern
London
Lyon
Paris
Stuttgart
Munchen
Milano
Milano
Munchen
Wien
Budapest
Beograd
Zagreb
Budapest
Napoli
Bucuresti
Sofia
Tirane
Istanbul
Sofia
Beograd
Budapest
Odessa
Zurich
Paris
Rhein-Rhur
Rhein-Main
Munchen
Milano
Zurich
Stuttgart
Rhein-Main
Praha
Wien
Zagreb
Munchen
Praha
Katowice
Budapest
Zagreb
Zagreb
Wien
Katowice
Kyiv
Odessa
Bucuresti
Beograd
Bucuresti
Budapest
Kyiv
Kharkiv
Paris
Vlaandern
Rhein-Main
Stuttgart
Stuttgart
Rhein-Rhur
Vlaandern
Bremen
Berlin
Praha
Munchen
Munchen
Rhein-Main
Berlin
Warszawa
Katowice
Wien
Wien
Praha
Warszawa
Kyiv
Budapest
Budapest
Katowice
Warszawa
Minsk
Kharkiv
Odessa
Kyiv
Minsk
Moskwa
Odessa
Birmingham
Randstad
Vlaanderen
Paris
Paris
London
Randstad
Bremen
Rhein-Main
Rhein-Rhur
Rhein-Main
Bremen
Kobenhavn
Warszawa
Praha
Praha
Berlin
Kobenhavn
Riga
Minsk
Kyiv
Katowice
London
Dublin
Glasgow
London
Bremen
Vlaanderen
Randstad
Vlaanderen
Rhein-Main
Berlin
Kobenhavn
Warszawa
Birmingham
Moskwa
Kharkiv
Kyiv
Birmingham
Glasgow
Bremen
Oslo
Stockholm
Warszawa
Berlin
Minsk
Riga
Sankt Petersburg
Kharkiv
Dublin
Birmingham
Talinn
Sankt Petersburg
Moskwa
Minsk
Warszawa
Kobenhavn
Oslo
Helsinki
Sankt Petersburg
Riga
Kobenhavn
Stockholm
Stockholm
Sankt Petersburg
Talinn
Helsinki
Moskwa
Riga
